// Jest Snapshot v1, https://goo.gl/fbAQLP

exports[`Comment matches a snapshot 1`] = `
Array [
  <p>
    laudantium enim quasi est quidem magnam voluptate ipsam eos tempora quo necessitatibus dolor quam autem quasi reiciendis et nam sapiente accusantium
  </p>,
  <h4>
    -
    Eliseo@gardner.biz
  </h4>,
]
`;
