// Jest Snapshot v1, https://goo.gl/fbAQLP

exports[`Comments matches a snapshot 1`] = `
<ul>
  <li>
    <p>
      laudantium enim quasi est quidem magnam voluptate ipsam eos tempora quo necessitatibus dolor quam autem quasi reiciendis et nam sapiente accusantium
    </p>
    <h4>
      -
      Eliseo@gardner.biz
    </h4>
  </li>
  <li>
    <p>
      laudantium enim quasi est quidem magnam voluptate ipsam eos tempora quo necessitatibus dolor quam autem quasi reiciendis et nam sapiente accusantium
    </p>
    <h4>
      -
      Eliseo@gardner.biz
    </h4>
  </li>
  <li>
    <p>
      laudantium enim quasi est quidem magnam voluptate ipsam eos tempora quo necessitatibus dolor quam autem quasi reiciendis et nam sapiente accusantium
    </p>
    <h4>
      -
      Eliseo@gardner.biz
    </h4>
  </li>
</ul>
`;
